
Welcome to Azure Static Web Apps CLI (2.0.8)

Getting config file options from "swa-cli.config.json"...
Config file does not exist at "swa-cli.config.json"
Resolving outputLocation=. full path...
Deploying front-end files from folder:
  C:\Code-Ricardo\ai-hack-foundry-usecases\10-event-checkin-spa\frontend

Consider providing api-language and version using --api-language and --api-version flags,
    otherwise default values apiLanguage: node and apiVersion: 16 will apply
Deployment token provided via flag
 - --deployment-token: <hidden>

Deploying to environment: production

Trying to read workflow config with values:
 - appLocation: C:\Code-Ricardo\ai-hack-foundry-usecases\10-event-checkin-spa\frontend
 - outputLocation: C:\Code-Ricardo\ai-hack-foundry-usecases\10-event-checkin-spa\frontend
 - apiLocation: <undefined>
 - dataApiLocation: <undefined>
No workflow config folder found at C:\Code-Ricardo\ai-hack-foundry-usecases\10-event-checkin-spa\frontend\.github\workflows
Validating user workflow config (BEFORE):
 - appLocation: C:\Code-Ricardo\ai-hack-foundry-usecases\10-event-checkin-spa\frontend
 - outputLocation: C:\Code-Ricardo\ai-hack-foundry-usecases\10-event-checkin-spa\frontend
 - apiLocation: <undefined>
 - dataApiLocation: <undefined>
Validating user workflow config (AFTER):
 - appLocation: C:\Code-Ricardo\ai-hack-foundry-usecases\10-event-checkin-spa\frontend
 - apiLocation: <undefined>
 - outputLocation: C:\Code-Ricardo\ai-hack-foundry-usecases\10-event-checkin-spa\frontend
 - dataApiLocation: <undefined>
No staticwebapp.config.json found in current project
Deploying project to Azure Static Web Apps...
Fetching release metadata for version: stable. Please wait...
GET https://aka.ms/swalocaldeploy
Decode JSON: [
  {
    "version": "latest",
    "buildId": "08e29138cd3dcda4ffda6d587aa580028110c1c7",
    "publishDate": "2026-01-13T08:02:40.9923947Z",
    "files": {
      "linux-x64": {
        "url": "https://swalocaldeployv2-bndtgugjgqc3dhdx.b01.azurefd.net/downloads/08e29138cd3dcda4ffda6d587aa580028110c1c7/linux/StaticSitesClient",
        "sha": "33677d6ea03fe2ff8b158e134efa8d1e67615b96bdc3b0677f48aa6afde65b22"
      },
      "win-x64": {
        "url": "https://swalocaldeployv2-bndtgugjgqc3dhdx.b01.azurefd.net/downloads/08e29138cd3dcda4ffda6d587aa580028110c1c7/windows/StaticSitesClient.exe",
        "sha": "4f59cb1d7588fd58aa924c3da0380b631d759973ab23f3dc1da5242c7bb405fc"
      },
      "osx-x64": {
        "url": "https://swalocaldeployv2-bndtgugjgqc3dhdx.b01.azurefd.net/downloads/08e29138cd3dcda4ffda6d587aa580028110c1c7/macOS/StaticSitesClient",
        "sha": "e0c7d27b1058d2aa25473bcbc72cd531bd1289c9fdc382aec88a7c4fdb4c5955"
      }
    }
  },
  {
    "version": "stable",
    "buildId": "08e29138cd3dcda4ffda6d587aa580028110c1c7",
    "publishDate": "2026-01-13T08:02:40.9923947Z",
    "files": {
      "linux-x64": {
        "url": "https://swalocaldeployv2-bndtgugjgqc3dhdx.b01.azurefd.net/downloads/08e29138cd3dcda4ffda6d587aa580028110c1c7/linux/StaticSitesClient",
        "sha": "33677d6ea03fe2ff8b158e134efa8d1e67615b96bdc3b0677f48aa6afde65b22"
      },
      "win-x64": {
        "url": "https://swalocaldeployv2-bndtgugjgqc3dhdx.b01.azurefd.net/downloads/08e29138cd3dcda4ffda6d587aa580028110c1c7/windows/StaticSitesClient.exe",
        "sha": "4f59cb1d7588fd58aa924c3da0380b631d759973ab23f3dc1da5242c7bb405fc"
      },
      "osx-x64": {
        "url": "https://swalocaldeployv2-bndtgugjgqc3dhdx.b01.azurefd.net/downloads/08e29138cd3dcda4ffda6d587aa580028110c1c7/macOS/StaticSitesClient",
        "sha": "e0c7d27b1058d2aa25473bcbc72cd531bd1289c9fdc382aec88a7c4fdb4c5955"
      }
    }
  },
  {
    "version": "backup",
    "buildId": "694f9b1be52be00b1b4cde5deb5bb4994154f9b6",
    "publishDate": "2025-07-21T07:21:52.0658686Z",
    "files": {
      "linux-x64": {
        "url": "https://swalocaldeployv2-bndtgugjgqc3dhdx.b01.azurefd.net/downloads/694f9b1be52be00b1b4cde5deb5bb4994154f9b6/linux/StaticSitesClient",
        "sha": "3fdeaa74fff3e8136fa95f994761559b48900f094214dc81c98f825de506a398"
      },
      "win-x64": {
        "url": "https://swalocaldeployv2-bndtgugjgqc3dhdx.b01.azurefd.net/downloads/694f9b1be52be00b1b4cde5deb5bb4994154f9b6/windows/StaticSitesClient.exe",
        "sha": "f55f0efd65b1b401b4ee0197143da4e16c87ff7f541b2bf5b094fcc8e3443dfe"
      },
      "osx-x64": {
        "url": "https://swalocaldeployv2-bndtgugjgqc3dhdx.b01.azurefd.net/downloads/694f9b1be52be00b1b4cde5deb5bb4994154f9b6/macOS/StaticSitesClient",
        "sha": "0412544daa8522aafeaa495e03fad3a6530b5e121959624de4c115f76018cae9"
      }
    }
  }
]
Release Metadata for stable: {
  "version": "stable",
  "buildId": "08e29138cd3dcda4ffda6d587aa580028110c1c7",
  "publishDate": "2026-01-13T08:02:40.9923947Z",
  "files": {
    "linux-x64": {
      "url": "https://swalocaldeployv2-bndtgugjgqc3dhdx.b01.azurefd.net/downloads/08e29138cd3dcda4ffda6d587aa580028110c1c7/linux/StaticSitesClient",
      "sha": "33677d6ea03fe2ff8b158e134efa8d1e67615b96bdc3b0677f48aa6afde65b22"
    },
    "win-x64": {
      "url": "https://swalocaldeployv2-bndtgugjgqc3dhdx.b01.azurefd.net/downloads/08e29138cd3dcda4ffda6d587aa580028110c1c7/windows/StaticSitesClient.exe",
      "sha": "4f59cb1d7588fd58aa924c3da0380b631d759973ab23f3dc1da5242c7bb405fc"
    },
    "osx-x64": {
      "url": "https://swalocaldeployv2-bndtgugjgqc3dhdx.b01.azurefd.net/downloads/08e29138cd3dcda4ffda6d587aa580028110c1c7/macOS/StaticSitesClient",
      "sha": "e0c7d27b1058d2aa25473bcbc72cd531bd1289c9fdc382aec88a7c4fdb4c5955"
    }
  }
}
Local client binary is up to date. Skipping download.
Deploying using C:\Users\riwilki\.swa\deploy\08e29138cd3dcda4ffda6d587aa580028110c1c7\StaticSitesClient.exe@08e29138cd3dcda4ffda6d587aa580028110c1c7
Deploying using the following options:
- env:
  - SWA_CLI_DEBUG: silly
  - SWA_RUNTIME_WORKFLOW_LOCATION: <undefined>
  - SWA_RUNTIME_CONFIG_LOCATION: <undefined>
  - SWA_RUNTIME_CONFIG: <undefined>
  - SWA_CLI_VERSION: 2.0.8
  - SWA_CLI_DEPLOY_DRY_RUN: false
  - SWA_CLI_DEPLOY_BINARY: C:\Users\riwilki\.swa\deploy\08e29138cd3dcda4ffda6d587aa580028110c1c7\StaticSitesClient.exe@08e29138cd3dcda4ffda6d587aa580028110c1c7
  - DEPLOYMENT_ACTION: upload
  - DEPLOYMENT_PROVIDER: SwaCli
  - REPOSITORY_BASE: C:\Code-Ricardo\ai-hack-foundry-usecases\10-event-checkin-spa\frontend
  - SKIP_APP_BUILD: true
  - SKIP_API_BUILD: true
  - DEPLOYMENT_TOKEN: <hidden>
  - APP_LOCATION: C:\Code-Ricardo\ai-hack-foundry-usecases\10-event-checkin-spa\frontend
  - API_LOCATION: <undefined>
  - DATA_API_LOCATION: <undefined>
  - CONFIG_FILE_LOCATION: <undefined>
  - VERBOSE: true
  - FUNCTION_LANGUAGE: node
  - FUNCTION_LANGUAGE_VERSION: 16
- Preparing deployment. Please wait...
Γä╣ DeploymentId: 6e86fbc7-f202-4ce5-b7dd-a67f15d44692
Γä╣ Verbose logging enabled
Γä╣ Try to validate location at: 'C:\Code-Ricardo\ai-hack-foundry-usecases\10-event-checkin-spa\frontend\C:\Code-Ricardo\ai-hack-foundry-usecases\10-event-checkin-spa\frontend'.
Γä╣ Build timeout not specified, defaulting to 15 minutes
Γä╣ App Directory Location: 'C:\Code-Ricardo\ai-hack-foundry-usecases\10-event-checkin-spa\frontend' was found.
Γä╣ Try to validate location at: 'C:\Code-Ricardo\ai-hack-foundry-usecases\10-event-checkin-spa\frontend\swa-db-connections'.
Γä╣ Looking for event info
Γä╣ Could not get event info. Proceeding
Γä╣ Skipping step to build C:\Code-Ricardo\ai-hack-foundry-usecases\10-event-checkin-spa\frontend with Oryx
Γä╣ Could not find staticwebapp.config.json file.
Γä╣ Didn't find Oryx manifest file under location: C:\Code-Ricardo\ai-hack-foundry-usecases\10-event-checkin-spa\frontend\6e86fbc7-f202-4ce5-b7dd-a67f15d44692-swa-oryx\app-manifest\oryx-manifest.toml
Γä╣ Determined default file to be: index.html
Γä╣ Calculating the size of app artifacts: 20988 B
Γä╣ No Api directory specified. Azure Functions will not be created.
Γä╣ Either no Api directory was specified, or the specified directory was not found. Azure Functions will not be created.
Γä╣ Current directory cannot be identical to or contained within artifact folders.
Γä╣ For further information, please visit the Azure Static Web Apps documentation at https://docs.microsoft.com/en-us/azure/static-web-apps/
Γä╣ If you believe this behavior is unexpected, please raise a GitHub issue at https://github.com/azure/static-web-apps/issues/
